// Jest Snapshot v1, https://goo.gl/fbAQLP

exports[`EditPassword Component Should render 1`] = `
<EditPassword
  editPasswordRef={
    Object {
      "current": <form
        class="editpasswordForm"
        novalidate=""
      >
        <div
          class="form-row"
        >
          <div
            class="col mb-3"
          >
            <div
              class="input-group"
            >
              <div
                class="input-group-prepend"
              >
                <span
                  class="input-group-text"
                  id="inputGroupPrepend"
                >
                  <svg
                    aria-hidden="true"
                    class="svg-inline--fa fa-lock fa-w-14 "
                    data-icon="lock"
                    data-prefix="fas"
                    role="img"
                    viewBox="0 0 448 512"
                    xmlns="http://www.w3.org/2000/svg"
                  >
                    <path
                      d="M400 224h-24v-72C376 68.2 307.8 0 224 0S72 68.2 72 152v72H48c-26.5 0-48 21.5-48 48v192c0 26.5 21.5 48 48 48h352c26.5 0 48-21.5 48-48V272c0-26.5-21.5-48-48-48zm-104 0H152v-72c0-39.7 32.3-72 72-72s72 32.3 72 72v72z"
                      fill="currentColor"
                    />
                  </svg>
                </span>
              </div>
              <input
                aria-describedby="inputGroupPrepend"
                class="form-control"
                id="editValidationOldPassword"
                minlength="5"
                placeholder="Old Password"
                required=""
                type="password"
                value="oldPassword"
              />
              <div
                class="invalid-feedback"
              >
                Password should have minimum 5 characters.
              </div>
            </div>
          </div>
        </div>
        <div
          class="form-row"
        >
          <div
            class="col mb-3"
          >
            <div
              class="input-group"
            >
              <div
                class="input-group-prepend"
              >
                <span
                  class="input-group-text"
                  id="inputGroupPrepend"
                >
                  <svg
                    aria-hidden="true"
                    class="svg-inline--fa fa-lock fa-w-14 "
                    data-icon="lock"
                    data-prefix="fas"
                    role="img"
                    viewBox="0 0 448 512"
                    xmlns="http://www.w3.org/2000/svg"
                  >
                    <path
                      d="M400 224h-24v-72C376 68.2 307.8 0 224 0S72 68.2 72 152v72H48c-26.5 0-48 21.5-48 48v192c0 26.5 21.5 48 48 48h352c26.5 0 48-21.5 48-48V272c0-26.5-21.5-48-48-48zm-104 0H152v-72c0-39.7 32.3-72 72-72s72 32.3 72 72v72z"
                      fill="currentColor"
                    />
                  </svg>
                </span>
              </div>
              <input
                aria-describedby="inputGroupPrepend"
                class="form-control"
                id="editValidationPassword"
                minlength="5"
                placeholder="New Password"
                required=""
                type="password"
                value="password"
              />
            </div>
          </div>
        </div>
        <div
          class="form-row"
        >
          <div
            class="col mb-3"
          >
            <div
              class="input-group"
            >
              <div
                class="input-group-prepend"
              >
                <span
                  class="input-group-text"
                  id="inputGroupPrepend"
                >
                  <svg
                    aria-hidden="true"
                    class="svg-inline--fa fa-lock fa-w-14 "
                    data-icon="lock"
                    data-prefix="fas"
                    role="img"
                    viewBox="0 0 448 512"
                    xmlns="http://www.w3.org/2000/svg"
                  >
                    <path
                      d="M400 224h-24v-72C376 68.2 307.8 0 224 0S72 68.2 72 152v72H48c-26.5 0-48 21.5-48 48v192c0 26.5 21.5 48 48 48h352c26.5 0 48-21.5 48-48V272c0-26.5-21.5-48-48-48zm-104 0H152v-72c0-39.7 32.3-72 72-72s72 32.3 72 72v72z"
                      fill="currentColor"
                    />
                  </svg>
                </span>
              </div>
              <input
                aria-describedby="inputGroupPrepend"
                class="form-control"
                id="editValidationRepeatPassword"
                minlength="5"
                placeholder="Confirm Password"
                required=""
                type="password"
                value="repeatPassword"
              />
            </div>
          </div>
        </div>
        <div
          class="form-row"
        >
          <div
            class="col-12 text-center"
          >
            <button
              class="btn btn-success"
              style="margin-bottom: 10px; width: 100%;"
              type="submit"
            >
              Save Changes
            </button>
          </div>
        </div>
      </form>,
    }
  }
  handleEditPassword={[Function]}
  inputEnabler={[Function]}
  listDisabled={Object {}}
  oldPassword="oldPassword"
  onInputChange={[Function]}
  password="password"
  repeatPassword="repeatPassword"
  userDetails={
    Object {
      "avatar": "",
      "college": "",
      "country": "IN",
      "email": "",
      "errorMessage": "",
      "fullName": "",
      "isAuthenticationOpen": true,
      "isLoggedIn": true,
      "isUserProfileModalOpen": false,
      "type": "",
      "username": "",
    }
  }
>
  <div
    className="col-12"
  >
    <Row
      bsClass="row"
      className="mb-3"
      componentClass="div"
    >
      <div
        className="mb-3 row"
      >
        <div
          className="col-sm-12"
        >
          <div
            className="text-light"
            style={
              Object {
                "display": "flex",
              }
            }
          >
             
            Credentials
            <Button
              active={false}
              block={false}
              bsClass="btn"
              bsStyle="default"
              className="ml-auto p-0 undefined"
              disabled={false}
              onClick={[Function]}
            >
              <button
                className="ml-auto p-0 undefined btn btn-default"
                disabled={false}
                onClick={[Function]}
                type="button"
              >
                <FontAwesomeIcon
                  border={false}
                  className=""
                  fixedWidth={false}
                  flip={null}
                  icon={
                    Object {
                      "icon": Array [
                        512,
                        512,
                        Array [],
                        "f304",
                        "M290.74 93.24l128.02 128.02-277.99 277.99-114.14 12.6C11.35 513.54-1.56 500.62.14 485.34l12.7-114.22 277.9-277.88zm207.2-19.06l-60.11-60.11c-18.75-18.75-49.16-18.75-67.91 0l-56.55 56.55 128.02 128.02 56.55-56.55c18.75-18.76 18.75-49.16 0-67.91z",
                      ],
                      "iconName": "pen",
                      "prefix": "fas",
                    }
                  }
                  inverse={false}
                  listItem={false}
                  mask={null}
                  pull={null}
                  pulse={false}
                  rotation={null}
                  size={null}
                  spin={false}
                  symbol={false}
                  title=""
                  transform={null}
                >
                  <svg
                    aria-hidden="true"
                    className="svg-inline--fa fa-pen fa-w-16 "
                    data-icon="pen"
                    data-prefix="fas"
                    role="img"
                    style={Object {}}
                    viewBox="0 0 512 512"
                    xmlns="http://www.w3.org/2000/svg"
                  >
                    <path
                      d="M290.74 93.24l128.02 128.02-277.99 277.99-114.14 12.6C11.35 513.54-1.56 500.62.14 485.34l12.7-114.22 277.9-277.88zm207.2-19.06l-60.11-60.11c-18.75-18.75-49.16-18.75-67.91 0l-56.55 56.55 128.02 128.02 56.55-56.55c18.75-18.76 18.75-49.16 0-67.91z"
                      fill="currentColor"
                      style={Object {}}
                    />
                  </svg>
                </FontAwesomeIcon>
              </button>
            </Button>
          </div>
          <form
            className="editpasswordForm"
            noValidate={true}
            onSubmit={[Function]}
          >
            <div
              className="form-row"
            >
              <div
                className="col mb-3"
              >
                <div
                  className="input-group"
                >
                  <div
                    className="input-group-prepend"
                  >
                    <span
                      className="input-group-text"
                      id="inputGroupPrepend"
                    >
                      <FontAwesomeIcon
                        border={false}
                        className=""
                        fixedWidth={false}
                        flip={null}
                        icon={
                          Object {
                            "icon": Array [
                              448,
                              512,
                              Array [],
                              "f023",
                              "M400 224h-24v-72C376 68.2 307.8 0 224 0S72 68.2 72 152v72H48c-26.5 0-48 21.5-48 48v192c0 26.5 21.5 48 48 48h352c26.5 0 48-21.5 48-48V272c0-26.5-21.5-48-48-48zm-104 0H152v-72c0-39.7 32.3-72 72-72s72 32.3 72 72v72z",
                            ],
                            "iconName": "lock",
                            "prefix": "fas",
                          }
                        }
                        inverse={false}
                        listItem={false}
                        mask={null}
                        pull={null}
                        pulse={false}
                        rotation={null}
                        size={null}
                        spin={false}
                        symbol={false}
                        title=""
                        transform={null}
                      >
                        <svg
                          aria-hidden="true"
                          className="svg-inline--fa fa-lock fa-w-14 "
                          data-icon="lock"
                          data-prefix="fas"
                          role="img"
                          style={Object {}}
                          viewBox="0 0 448 512"
                          xmlns="http://www.w3.org/2000/svg"
                        >
                          <path
                            d="M400 224h-24v-72C376 68.2 307.8 0 224 0S72 68.2 72 152v72H48c-26.5 0-48 21.5-48 48v192c0 26.5 21.5 48 48 48h352c26.5 0 48-21.5 48-48V272c0-26.5-21.5-48-48-48zm-104 0H152v-72c0-39.7 32.3-72 72-72s72 32.3 72 72v72z"
                            fill="currentColor"
                            style={Object {}}
                          />
                        </svg>
                      </FontAwesomeIcon>
                    </span>
                  </div>
                  <input
                    aria-describedby="inputGroupPrepend"
                    className="form-control"
                    id="editValidationOldPassword"
                    minLength={5}
                    onChange={[Function]}
                    placeholder="Old Password"
                    required={true}
                    type="password"
                    value="oldPassword"
                  />
                  <div
                    className="invalid-feedback"
                  >
                    Password should have minimum 5 characters.
                  </div>
                </div>
              </div>
            </div>
            <div
              className="form-row"
            >
              <div
                className="col mb-3"
              >
                <div
                  className="input-group"
                >
                  <div
                    className="input-group-prepend"
                  >
                    <span
                      className="input-group-text"
                      id="inputGroupPrepend"
                    >
                      <FontAwesomeIcon
                        border={false}
                        className=""
                        fixedWidth={false}
                        flip={null}
                        icon={
                          Object {
                            "icon": Array [
                              448,
                              512,
                              Array [],
                              "f023",
                              "M400 224h-24v-72C376 68.2 307.8 0 224 0S72 68.2 72 152v72H48c-26.5 0-48 21.5-48 48v192c0 26.5 21.5 48 48 48h352c26.5 0 48-21.5 48-48V272c0-26.5-21.5-48-48-48zm-104 0H152v-72c0-39.7 32.3-72 72-72s72 32.3 72 72v72z",
                            ],
                            "iconName": "lock",
                            "prefix": "fas",
                          }
                        }
                        inverse={false}
                        listItem={false}
                        mask={null}
                        pull={null}
                        pulse={false}
                        rotation={null}
                        size={null}
                        spin={false}
                        symbol={false}
                        title=""
                        transform={null}
                      >
                        <svg
                          aria-hidden="true"
                          className="svg-inline--fa fa-lock fa-w-14 "
                          data-icon="lock"
                          data-prefix="fas"
                          role="img"
                          style={Object {}}
                          viewBox="0 0 448 512"
                          xmlns="http://www.w3.org/2000/svg"
                        >
                          <path
                            d="M400 224h-24v-72C376 68.2 307.8 0 224 0S72 68.2 72 152v72H48c-26.5 0-48 21.5-48 48v192c0 26.5 21.5 48 48 48h352c26.5 0 48-21.5 48-48V272c0-26.5-21.5-48-48-48zm-104 0H152v-72c0-39.7 32.3-72 72-72s72 32.3 72 72v72z"
                            fill="currentColor"
                            style={Object {}}
                          />
                        </svg>
                      </FontAwesomeIcon>
                    </span>
                  </div>
                  <input
                    aria-describedby="inputGroupPrepend"
                    className="form-control"
                    id="editValidationPassword"
                    minLength={5}
                    onChange={[Function]}
                    placeholder="New Password"
                    required={true}
                    type="password"
                    value="password"
                  />
                </div>
              </div>
            </div>
            <div
              className="form-row"
            >
              <div
                className="col mb-3"
              >
                <div
                  className="input-group"
                >
                  <div
                    className="input-group-prepend"
                  >
                    <span
                      className="input-group-text"
                      id="inputGroupPrepend"
                    >
                      <FontAwesomeIcon
                        border={false}
                        className=""
                        fixedWidth={false}
                        flip={null}
                        icon={
                          Object {
                            "icon": Array [
                              448,
                              512,
                              Array [],
                              "f023",
                              "M400 224h-24v-72C376 68.2 307.8 0 224 0S72 68.2 72 152v72H48c-26.5 0-48 21.5-48 48v192c0 26.5 21.5 48 48 48h352c26.5 0 48-21.5 48-48V272c0-26.5-21.5-48-48-48zm-104 0H152v-72c0-39.7 32.3-72 72-72s72 32.3 72 72v72z",
                            ],
                            "iconName": "lock",
                            "prefix": "fas",
                          }
                        }
                        inverse={false}
                        listItem={false}
                        mask={null}
                        pull={null}
                        pulse={false}
                        rotation={null}
                        size={null}
                        spin={false}
                        symbol={false}
                        title=""
                        transform={null}
                      >
                        <svg
                          aria-hidden="true"
                          className="svg-inline--fa fa-lock fa-w-14 "
                          data-icon="lock"
                          data-prefix="fas"
                          role="img"
                          style={Object {}}
                          viewBox="0 0 448 512"
                          xmlns="http://www.w3.org/2000/svg"
                        >
                          <path
                            d="M400 224h-24v-72C376 68.2 307.8 0 224 0S72 68.2 72 152v72H48c-26.5 0-48 21.5-48 48v192c0 26.5 21.5 48 48 48h352c26.5 0 48-21.5 48-48V272c0-26.5-21.5-48-48-48zm-104 0H152v-72c0-39.7 32.3-72 72-72s72 32.3 72 72v72z"
                            fill="currentColor"
                            style={Object {}}
                          />
                        </svg>
                      </FontAwesomeIcon>
                    </span>
                  </div>
                  <input
                    aria-describedby="inputGroupPrepend"
                    className="form-control"
                    id="editValidationRepeatPassword"
                    minLength={5}
                    onChange={[Function]}
                    placeholder="Confirm Password"
                    required={true}
                    type="password"
                    value="repeatPassword"
                  />
                </div>
              </div>
            </div>
            <div
              className="form-row"
            >
              <div
                className="col-12 text-center"
              >
                <button
                  className="btn btn-success"
                  style={
                    Object {
                      "marginBottom": "10px",
                      "width": "100%",
                    }
                  }
                  type="submit"
                >
                  Save Changes
                </button>
              </div>
            </div>
          </form>
        </div>
      </div>
    </Row>
  </div>
</EditPassword>
`;
