// Jest Snapshot v1, https://goo.gl/fbAQLP

exports[`Login Container Should render 1`] = `
<Connect(Login)
  handleSelectPanel={[Function]}
>
  <Login
    handleSelectPanel={[Function]}
    login={[Function]}
  >
    <div>
      <Row
        bsClass="row"
        componentClass="div"
      >
        <div
          className="row"
        >
          <div
            className="col-sm-10 offset-sm-1"
          >
            <form
              className="loginForm"
              noValidate={true}
              onSubmit={[Function]}
            >
              <div
                className="form-row"
              >
                <div
                  className="col mb-4"
                >
                  <div
                    className="input-group"
                  >
                    <div
                      className="input-group-prepend"
                    >
                      <span
                        className="input-group-text"
                        id="inputGroupPrepend"
                      >
                        <FontAwesomeIcon
                          border={false}
                          className=""
                          fixedWidth={false}
                          flip={null}
                          icon={
                            Object {
                              "icon": Array [
                                448,
                                512,
                                Array [],
                                "f007",
                                "M224 256c70.7 0 128-57.3 128-128S294.7 0 224 0 96 57.3 96 128s57.3 128 128 128zm89.6 32h-16.7c-22.2 10.2-46.9 16-72.9 16s-50.6-5.8-72.9-16h-16.7C60.2 288 0 348.2 0 422.4V464c0 26.5 21.5 48 48 48h352c26.5 0 48-21.5 48-48v-41.6c0-74.2-60.2-134.4-134.4-134.4z",
                              ],
                              "iconName": "user",
                              "prefix": "fas",
                            }
                          }
                          inverse={false}
                          listItem={false}
                          mask={null}
                          pull={null}
                          pulse={false}
                          rotation={null}
                          size={null}
                          spin={false}
                          symbol={false}
                          title=""
                          transform={null}
                        >
                          <svg
                            aria-hidden="true"
                            className="svg-inline--fa fa-user fa-w-14 "
                            data-icon="user"
                            data-prefix="fas"
                            role="img"
                            style={Object {}}
                            viewBox="0 0 448 512"
                            xmlns="http://www.w3.org/2000/svg"
                          >
                            <path
                              d="M224 256c70.7 0 128-57.3 128-128S294.7 0 224 0 96 57.3 96 128s57.3 128 128 128zm89.6 32h-16.7c-22.2 10.2-46.9 16-72.9 16s-50.6-5.8-72.9-16h-16.7C60.2 288 0 348.2 0 422.4V464c0 26.5 21.5 48 48 48h352c26.5 0 48-21.5 48-48v-41.6c0-74.2-60.2-134.4-134.4-134.4z"
                              fill="currentColor"
                              style={Object {}}
                            />
                          </svg>
                        </FontAwesomeIcon>
                      </span>
                    </div>
                    <input
                      aria-describedby="inputGroupPrepend"
                      className="form-control"
                      id="validationUsername"
                      onChange={[Function]}
                      placeholder="Username"
                      required={true}
                      type="text"
                      value=""
                    />
                    <div
                      className="invalid-feedback"
                    >
                      Please enter a valid Username.
                    </div>
                  </div>
                </div>
              </div>
              <div
                className="form-row"
              >
                <div
                  className="col mb-4"
                >
                  <div
                    className="input-group"
                  >
                    <div
                      className="input-group-prepend"
                    >
                      <span
                        className="input-group-text"
                        id="inputGroupPrepend"
                      >
                        <FontAwesomeIcon
                          border={false}
                          className=""
                          fixedWidth={false}
                          flip={null}
                          icon={
                            Object {
                              "icon": Array [
                                448,
                                512,
                                Array [],
                                "f023",
                                "M400 224h-24v-72C376 68.2 307.8 0 224 0S72 68.2 72 152v72H48c-26.5 0-48 21.5-48 48v192c0 26.5 21.5 48 48 48h352c26.5 0 48-21.5 48-48V272c0-26.5-21.5-48-48-48zm-104 0H152v-72c0-39.7 32.3-72 72-72s72 32.3 72 72v72z",
                              ],
                              "iconName": "lock",
                              "prefix": "fas",
                            }
                          }
                          inverse={false}
                          listItem={false}
                          mask={null}
                          pull={null}
                          pulse={false}
                          rotation={null}
                          size={null}
                          spin={false}
                          symbol={false}
                          title=""
                          transform={null}
                        >
                          <svg
                            aria-hidden="true"
                            className="svg-inline--fa fa-lock fa-w-14 "
                            data-icon="lock"
                            data-prefix="fas"
                            role="img"
                            style={Object {}}
                            viewBox="0 0 448 512"
                            xmlns="http://www.w3.org/2000/svg"
                          >
                            <path
                              d="M400 224h-24v-72C376 68.2 307.8 0 224 0S72 68.2 72 152v72H48c-26.5 0-48 21.5-48 48v192c0 26.5 21.5 48 48 48h352c26.5 0 48-21.5 48-48V272c0-26.5-21.5-48-48-48zm-104 0H152v-72c0-39.7 32.3-72 72-72s72 32.3 72 72v72z"
                              fill="currentColor"
                              style={Object {}}
                            />
                          </svg>
                        </FontAwesomeIcon>
                      </span>
                    </div>
                    <input
                      aria-describedby="inputGroupPrepend"
                      className="form-control"
                      id="validationPassword"
                      minLength={5}
                      placeholder="Password"
                      required={true}
                      type="password"
                    />
                    <div
                      className="invalid-feedback"
                    >
                      Please enter the correct password.
                    </div>
                  </div>
                </div>
              </div>
              <div
                className="form-row"
              >
                <div
                  className="col text-center"
                >
                  <button
                    className="btn btn-info"
                    style={
                      Object {
                        "width": "100%",
                      }
                    }
                    type="submit"
                  >
                    Login
                  </button>
                </div>
              </div>
            </form>
          </div>
        </div>
      </Row>
      <Row
        bsClass="row"
        componentClass="div"
        style={
          Object {
            "borderTop": "2px solid #999",
          }
        }
      >
        <div
          className="row"
          style={
            Object {
              "borderTop": "2px solid #999",
            }
          }
        >
          <Col
            bsClass="col"
            className="text-center my-3 ml-auto mr-auto"
            componentClass="div"
          >
            <div
              className="text-center my-3 ml-auto mr-auto"
            >
              <div
                className="text-dark"
              >
                Don't have an account?
                 
                <a
                  className="text-primary"
                  onClick={[Function]}
                  style={
                    Object {
                      "cursor": "pointer",
                    }
                  }
                >
                  Create one
                </a>
              </div>
            </div>
          </Col>
        </div>
      </Row>
    </div>
  </Login>
</Connect(Login)>
`;
