// Jest Snapshot v1, https://goo.gl/fbAQLP

exports[`Editor Container Should render Editor 1`] = `
<Editor
  code="#include <bits/stdc++.h>
using namespace std; 

int main() {
  return 0;
}"
  editorWidth={400}
  enableBasicAutoCompletion={true}
  enableSnippets={true}
  fontSize={16}
  getLatestCode={[Function]}
  getUnreadGlobalNotifications={[Function]}
  isLoggedIn={false}
  keyboardHandler="default"
  save={[Function]}
  theme="twilight"
  updateCode={[Function]}
  viewOnly={false}
/>
`;
