// Jest Snapshot v1, https://goo.gl/fbAQLP

exports[`UserProfileModal Container Should render 1`] = `
<UserProfileModal
  checkUsernameExists={[Function]}
  editUserPassword={[Function]}
  editUserProfile={[Function]}
  getUserDetails={[Function]}
  isUserProfileModalOpen={false}
  toggleUserProfileModal={[Function]}
  userDetails={
    Object {
      "country": "IN",
      "email": "",
      "errorMessage": "",
      "fullName": "",
      "isLoggedIn": true,
      "isUserProfileModalOpen": false,
      "username": "",
    }
  }
/>
`;
